[backblue.gif]
[fade.gif]
[index.html]
[fbht-group.co/tst/assets/images/c1.jpg]
[fbht-group.co/tst/assets/images/team4.jpg]
[fbht-group.co/tst/js/jquery.min.js]
[fbht-group.co/tst/assets/js/theme-change.js]
[cdnjs.cloudflare.com/ajax/libs/lightbox2/2.11.3/js/lightbox.min.js]
[cdnjs.cloudflare.com/ajax/libs/lightbox2/2.11.3/css/lightbox.min.css]
[fbht-group.co/tst/assets/js/owl.carousel.js]
[fbht-group.co/tst/assets/js/jquery.waypoints.min.js]
[fbht-group.co/tst/assets/js/jquery.countup.js]
[fbht-group.co/tst/js/bootstrap.min.js]
[fbht-group.co/tst/js/main.js]
[fbht-group.co/tst/index.html]
[fbht-group.co/tst/assets/fonts/fontawesome-webfontd41dd41dd41d.eot]
[fbht-group.co/tst/assets/fonts/fontawesome-webfont3e6e3e6e3e6e.woff2]
[fbht-group.co/tst/assets/fonts/fontawesome-webfont3e6e3e6e3e6e.woff]
[fbht-group.co/tst/assets/fonts/fontawesome-webfont3e6e3e6e3e6e.ttf]
[fbht-group.co/tst/assets/images/banner1.jpg]
[fbht-group.co/tst/assets/images/banner2.jpg]
[fbht-group.co/tst/assets/images/6.jpg]
[fbht-group.co/tst/assets/images/2.jpg]
[fbht-group.co/tst/assets/images/4.jpg]
[fbht-group.co/tst/assets/css/style-liberty.css]
[cdnjs.cloudflare.com/ajax/libs/lightbox2/2.11.3/css/lightbox.min.css]
[fbht-group.co/tst/assets/fonts/fontawesome-webfont3e6e3e6e3e6e.html]
[fbht-group.co/tst/assets/fonts/fontawesome-webfont3e6e3e6e3e6e.svg]
[fbht-group.co/tst/assets/images/banner3.html]
[fbht-group.co/tst/assets/images/banner4.html]
[cdnjs.cloudflare.com/ajax/libs/lightbox2/2.11.3/images/loading.gif]
[fbht-group.co/tst/assets/css/owl.video.play.html]
[fbht-group.co/tst/assets/images/5.html]
[fbht-group.co/tst/assets/images/1.html]
[fbht-group.co/tst/assets/images/3.html]
[fbht-group.co/fonts.googleapis.com/css1af11af1.html]
[fbht-group.co/assets/js/bootstrap.min.html]
[crestdevelopmentunion.com/1test.jpg]
[crestdevelopmentunion.com/2test.jpg]
[crestdevelopmentunion.com/starimage.jpg]
[crestdevelopmentunion.com/f1.jpg]
